// Vitest Snapshot v1, https://vitest.dev/guide/snapshot.html

exports[`CardCounter > SHOULD match snapshot 1`] = `
<div>
  <div
    class="css-1avyp1d"
    data-testid="CardCounter"
  >
    <div
      class="css-h90lhp"
      data-testid="Counter"
    >
      <button
        aria-label="Decrement counter"
        class="css-1qm9usv"
        data-testid="Counter-button-decrease"
        disabled=""
        role="button"
        tabindex="0"
        type="button"
      >
        <span
          class="gd-button__content css-4vlwk1"
          data-testid="Button-content"
        >
          <svg
            class="css-1u8qly9"
            data-testid="Icon-minus"
            fill="none"
            height="14"
            viewBox="0 0 14 2"
            width="14"
            xmlns="http://www.w3.org/2000/svg"
          >
            <path
              d="M13 2H1C0.45 2 0 1.55 0 1C0 0.45 0.45 0 1 0H13C13.55 0 14 0.45 14 1C14 1.55 13.55 2 13 2Z"
              fill="currentColor"
            />
          </svg>
        </span>
      </button>
      <label
        class="css-qhydga"
        data-testid="InputWrapper"
      >
        <span
          class="css-1n9btb7"
          data-testid="InputWrapper"
        >
          <input
            aria-label="Quantity value"
            aria-required="false"
            aria-valuemin="1"
            class="css-1ojf3jn"
            data-testid="Counter-input"
            role="spinbutton"
            tabindex="0"
            type="number"
            value="1"
          />
          <span
            class="Input__border"
          />
          <span
            class="Input__outline"
          />
        </span>
      </label>
      <button
        aria-label="Increment counter"
        class="css-1qm9usv"
        data-testid="Counter-button-increase"
        role="button"
        tabindex="0"
        type="button"
      >
        <span
          class="gd-button__content css-4vlwk1"
          data-testid="Button-content"
        >
          <svg
            class="css-1u8qly9"
            data-testid="Icon-plus"
            fill="none"
            height="14"
            viewBox="0 0 14 14"
            width="14"
            xmlns="http://www.w3.org/2000/svg"
          >
            <path
              d="M13 8H8V13C8 13.55 7.55 14 7 14C6.45 14 6 13.55 6 13V8H1C0.45 8 0 7.55 0 7C0 6.45 0.45 6 1 6H6V1C6 0.45 6.45 0 7 0C7.55 0 8 0.45 8 1V6H13C13.55 6 14 6.45 14 7C14 7.55 13.55 8 13 8Z"
              fill="currentColor"
            />
          </svg>
        </span>
      </button>
    </div>
    Line 1
  </div>
</div>
`;
