// Vitest Snapshot v1, https://vitest.dev/guide/snapshot.html

exports[`TablePagination > SHOULD match snapshot 1`] = `
<div>
  <div
    class="css-1ln0gt6"
    data-testid="TablePagination"
  >
    <div
      class="css-kjwccs"
      data-testid="TablePagination-left-section"
    >
      Rows per page
      <button
        class="hover css-g1a7z"
        data-testid="TablePagination-btn-per-page"
        role="button"
        tabindex="0"
        type="button"
      >
        <span
          class="gd-button__content css-4vlwk1"
          data-testid="Button-content"
        >
          10
        </span>
      </button>
      <button
        class="css-g1a7z"
        data-testid="TablePagination-btn-per-page"
        role="button"
        tabindex="0"
        type="button"
      >
        <span
          class="gd-button__content css-4vlwk1"
          data-testid="Button-content"
        >
          25
        </span>
      </button>
      <button
        class="css-g1a7z"
        data-testid="TablePagination-btn-per-page"
        role="button"
        tabindex="0"
        type="button"
      >
        <span
          class="gd-button__content css-4vlwk1"
          data-testid="Button-content"
        >
          50
        </span>
      </button>
    </div>
    <div
      class="css-1ryinrq"
      data-testid="TablePagination-right-section"
    >
      <button
        aria-label="Previous page"
        class="css-1j0sjdr"
        data-testid="TablePagination-btn-page-prev"
        disabled=""
        role="button"
        tabindex="0"
        type="button"
      >
        <span
          class="css-0"
          data-testid="Button-icon-start"
        >
          <svg
            class="css-1u8qly9"
            data-testid="Icon-arrowLeft"
            fill="none"
            height="16"
            viewBox="0 0 24 24"
            width="16"
            xmlns="http://www.w3.org/2000/svg"
          >
            <path
              d="M15.41 7.41L14 6L8 12L14 18L15.41 16.59L10.83 12L15.41 7.41Z"
              fill="currentColor"
            />
          </svg>
        </span>
      </button>
      <button
        class="active css-19n9fkt"
        data-testid="TablePagination-btn-page"
        role="button"
        tabindex="0"
        type="button"
      >
        <span
          class="gd-button__content css-4vlwk1"
          data-testid="Button-content"
        >
          1
        </span>
      </button>
      <button
        class="css-19n9fkt"
        data-testid="TablePagination-btn-page"
        role="button"
        tabindex="0"
        type="button"
      >
        <span
          class="gd-button__content css-4vlwk1"
          data-testid="Button-content"
        >
          2
        </span>
      </button>
      <button
        class="css-19n9fkt"
        data-testid="TablePagination-btn-page"
        role="button"
        tabindex="0"
        type="button"
      >
        <span
          class="gd-button__content css-4vlwk1"
          data-testid="Button-content"
        >
          3
        </span>
      </button>
      Showing 1–10 of 100
      <button
        aria-label="Next page"
        class="css-1j0sjdr"
        data-testid="TablePagination-btn-page-next"
        role="button"
        tabindex="0"
        type="button"
      >
        <span
          class="css-0"
          data-testid="Button-icon-start"
        >
          <svg
            class="css-1u8qly9"
            data-testid="Icon-arrowRight"
            fill="none"
            height="16"
            viewBox="0 0 24 24"
            width="16"
            xmlns="http://www.w3.org/2000/svg"
          >
            <path
              d="M10 6L8.59003 7.41L13.17 12L8.59003 16.59L10 18L16 12L10 6Z"
              fill="currentColor"
            />
          </svg>
        </span>
      </button>
    </div>
  </div>
</div>
`;
