// Vitest Snapshot v1, https://vitest.dev/guide/snapshot.html

exports[`Table > SHOULD match snapshot 1`] = `
<div>
  <table
    class="css-noi7q0"
    data-testid="Table"
  >
    <thead
      class="css-xan9me"
      data-testid="TableHead"
    >
      <tr
        class="css-480qv8"
        data-expanded="false"
        data-testid="TableRow"
      >
        <th
          class="css-8qa8cy"
          data-testid="TableHeaderCell"
        >
          Name
        </th>
        <th
          class="css-8qa8cy"
          data-testid="TableHeaderCell"
        >
          Email
        </th>
        <th
          class="css-8qa8cy"
          data-testid="TableHeaderCell"
        >
          Role
        </th>
      </tr>
    </thead>
    <tbody
      class="css-13wylk3"
      data-testid="TableBody"
    >
      <tr
        class="css-1qhz929"
        data-expanded="false"
        data-testid="TableRow"
      >
        <td
          class="css-wjlhtd"
          data-testid="TableCell"
        >
          John Doe
        </td>
        <td
          class="css-wjlhtd"
          data-testid="TableCell"
        >
          john@example.com
        </td>
        <td
          class="css-wjlhtd"
          data-testid="TableCell"
        >
          Admin
        </td>
      </tr>
      <tr
        class="css-1qhz929"
        data-expanded="false"
        data-testid="TableRow"
      >
        <td
          class="css-wjlhtd"
          data-testid="TableCell"
        >
          Jane Smith
        </td>
        <td
          class="css-wjlhtd"
          data-testid="TableCell"
        >
          jane@example.com
        </td>
        <td
          class="css-wjlhtd"
          data-testid="TableCell"
        >
          User
        </td>
      </tr>
      <tr
        class="css-1qhz929"
        data-expanded="false"
        data-testid="TableRow"
      >
        <td
          class="css-wjlhtd"
          data-testid="TableCell"
        >
          Bob Johnson
        </td>
        <td
          class="css-wjlhtd"
          data-testid="TableCell"
        >
          bob@example.com
        </td>
        <td
          class="css-wjlhtd"
          data-testid="TableCell"
        >
          Guest
        </td>
      </tr>
    </tbody>
  </table>
</div>
`;
