// Vitest Snapshot v1, https://vitest.dev/guide/snapshot.html

exports[`TablePagination > SHOULD match snapshot 1`] = `
<div>
  <div
    class="css-1ln0gt6"
    data-testid="TablePagination"
  >
    <div
      class="css-kjwccs"
      data-testid="TablePagination-left-section"
    >
      Rows per page
      <button
        class="hover css-g1a7z"
        data-testid="TablePagination-btn-per-page"
        role="button"
        tabindex="0"
        type="button"
      >
        <span
          class="gd-button__content css-4vlwk1"
          data-testid="Button-content"
        >
          10
        </span>
      </button>
      <button
        class="css-g1a7z"
        data-testid="TablePagination-btn-per-page"
        role="button"
        tabindex="0"
        type="button"
      >
        <span
          class="gd-button__content css-4vlwk1"
          data-testid="Button-content"
        >
          25
        </span>
      </button>
      <button
        class="css-g1a7z"
        data-testid="TablePagination-btn-per-page"
        role="button"
        tabindex="0"
        type="button"
      >
        <span
          class="gd-button__content css-4vlwk1"
          data-testid="Button-content"
        >
          50
        </span>
      </button>
    </div>
    <div
      class="css-1ryinrq"
      data-testid="TablePagination-right-section"
    >
      <button
        aria-label="Previous page"
        class="css-1j0sjdr"
        data-testid="TablePagination-btn-page-prev"
        disabled=""
        role="button"
        tabindex="0"
        type="button"
      >
        <span
          class="css-0"
          data-testid="Button-icon-start"
        >
          <svg
            class="css-1u8qly9"
            data-testid="Icon-arrowLeft"
            fill="none"
            height="14"
            viewBox="0 0 7 12"
            width="14"
            xmlns="http://www.w3.org/2000/svg"
          >
            <g
              transform="translate(7 0) scale(-1 1)"
            >
              <path
                d="M0.289998 0.710022C-0.100002 1.10002 -0.100002 1.73002 0.289998 2.12002L4.17 6.00002L0.289998 9.88002C-0.100002 10.27 -0.100002 10.9 0.289998 11.29C0.679998 11.68 1.31 11.68 1.7 11.29L6.29 6.70002C6.68 6.31002 6.68 5.68002 6.29 5.29002L1.7 0.700022C1.32 0.320022 0.679998 0.320022 0.289998 0.710022Z"
                fill="currentColor"
              />
            </g>
          </svg>
        </span>
      </button>
      <button
        class="active css-19n9fkt"
        data-testid="TablePagination-btn-page"
        role="button"
        tabindex="0"
        type="button"
      >
        <span
          class="gd-button__content css-4vlwk1"
          data-testid="Button-content"
        >
          1
        </span>
      </button>
      <button
        class="css-19n9fkt"
        data-testid="TablePagination-btn-page"
        role="button"
        tabindex="0"
        type="button"
      >
        <span
          class="gd-button__content css-4vlwk1"
          data-testid="Button-content"
        >
          2
        </span>
      </button>
      <button
        class="css-19n9fkt"
        data-testid="TablePagination-btn-page"
        role="button"
        tabindex="0"
        type="button"
      >
        <span
          class="gd-button__content css-4vlwk1"
          data-testid="Button-content"
        >
          3
        </span>
      </button>
      Showing 1–10 of 100
      <button
        aria-label="Next page"
        class="css-1j0sjdr"
        data-testid="TablePagination-btn-page-next"
        role="button"
        tabindex="0"
        type="button"
      >
        <span
          class="css-0"
          data-testid="Button-icon-start"
        >
          <svg
            class="css-1u8qly9"
            data-testid="Icon-arrowRight"
            fill="none"
            height="14"
            viewBox="0 0 7 12"
            width="14"
            xmlns="http://www.w3.org/2000/svg"
          >
            <path
              d="M0.289998 0.710022C-0.100002 1.10002 -0.100002 1.73002 0.289998 2.12002L4.17 6.00002L0.289998 9.88002C-0.100002 10.27 -0.100002 10.9 0.289998 11.29C0.679998 11.68 1.31 11.68 1.7 11.29L6.29 6.70002C6.68 6.31002 6.68 5.68002 6.29 5.29002L1.7 0.700022C1.32 0.320022 0.679998 0.320022 0.289998 0.710022Z"
              fill="currentColor"
            />
          </svg>
        </span>
      </button>
    </div>
  </div>
</div>
`;
