// Vitest Snapshot v1, https://vitest.dev/guide/snapshot.html

exports[`Search > SHOULD match snapshot 1`] = `
<div>
  <div
    class="css-1pvzpgp"
    data-testid="Select"
  >
    <div
      class="css-qb79fx"
      data-testid="Select-initiator-wrapper"
    >
      <label
        class="css-d7fq35"
        data-testid="InputWrapper"
      >
        <span
          class="css-1n9btb7"
          data-testid="InputWrapper"
        >
          <input
            aria-expanded="false"
            aria-required="false"
            class="css-1ojf3jn"
            data-testid="Input"
            placeholder="Search"
            role="combobox"
            tabindex="0"
            type="text"
          />
          <span
            class="Input__border"
          />
          <span
            class="Input__outline"
          />
        </span>
      </label>
    </div>
  </div>
</div>
`;
