// Vitest Snapshot v1, https://vitest.dev/guide/snapshot.html

exports[`ChatContainer > SHOULD match snapshot 1`] = `
<div>
  <div
    class="gd-chat-container css-7cdg82"
    data-testid="ChatContainer-main-wrapper"
  >
    <div
      class="css-16ogll0"
      data-testid="ChatContainer-sidebar-wrapper"
    >
      <aside
        aria-label="Sidebar content"
        class="css-1wnj91x"
        data-testid="ChatContainer-sidebar"
      >
        <header
          class="css-qgelg0"
          data-testid="ChatContainer-sidebar-header"
        >
          <button
            aria-label="Toggle sidebar - close"
            class="css-j0nb1"
            data-testid="Button"
            role="button"
            tabindex="0"
            type="button"
          >
            <span
              class="gd-button__content css-4vlwk1"
              data-testid="Button-content"
            >
              <svg
                class="css-1u8qly9"
                data-testid="Icon-arrowDown"
                fill="none"
                height="24"
                viewBox="0 0 24 24"
                width="24"
                xmlns="http://www.w3.org/2000/svg"
              >
                <path
                  d="M20 12L18.59 10.59L13 16.17V4H11V16.17L5.42 10.58L4 12L12 20L20 12Z"
                  fill="#000000"
                />
              </svg>
            </span>
          </button>
          <div
            data-testid="sidebar-header-content"
          >
            Sidebar Header
          </div>
        </header>
        <div
          class="css-7y3kms"
        >
          <div
            data-testid="sidebar-content"
          >
            Sidebar Content
          </div>
        </div>
      </aside>
    </div>
    <div
      class="css-16ehunj"
      data-testid="ChatContainer-body"
    >
      <header
        class="css-1thdnqv"
        data-testid="ChatContainer-main-header"
      >
        <button
          aria-label="Toggle sidebar - open"
          class="css-j0nb1"
          data-testid="Button"
          role="button"
          tabindex="0"
          type="button"
        >
          <span
            class="gd-button__content css-4vlwk1"
            data-testid="Button-content"
          >
            <svg
              class="css-1u8qly9"
              data-testid="Icon-arrowDown"
              fill="none"
              height="24"
              viewBox="0 0 24 24"
              width="24"
              xmlns="http://www.w3.org/2000/svg"
            >
              <path
                d="M20 12L18.59 10.59L13 16.17V4H11V16.17L5.42 10.58L4 12L12 20L20 12Z"
                fill="#000000"
              />
            </svg>
          </span>
        </button>
        <div
          data-testid="header-content"
        >
          Main Header
        </div>
      </header>
      <main
        class="css-p6rtql"
        data-testid="ChatContainer-content"
      >
        <div
          data-testid="main-content"
        >
          Main Content
        </div>
      </main>
    </div>
  </div>
</div>
`;
