// Vitest Snapshot v1, https://vitest.dev/guide/snapshot.html

exports[`Header > SHOULD match snapshot 1`] = `
<div>
  <div
    class="css-aopl7"
    data-testid="Header"
  >
    <div
      class="css-1xwp2yl"
      data-testid="Row"
    >
      <div
        class="css-327uvn"
        data-testid="Row"
      >
        <div
          class="css-18xw9nk"
          data-testid="Column"
        >
          <div
            class="css-1qw3ugn"
          >
            <svg
              class="css-1u8qly9"
              data-testid="Icon-mobileMenu"
              fill="none"
              height="40"
              viewBox="0 0 24 24"
              width="40"
              xmlns="http://www.w3.org/2000/svg"
            >
              <path
                d="M3 18H21V16H3V18ZM3 13H21V11H3V13ZM3 6V8H21V6H3Z"
                fill="currentColor"
              />
            </svg>
          </div>
        </div>
      </div>
    </div>
  </div>
</div>
`;
