// Vitest Snapshot v1, https://vitest.dev/guide/snapshot.html

exports[`Breadcrumbs > SHOULD match snapshot 1`] = `
<div>
  <div
    aria-label="breadcrumb"
    class="css-11ua76c"
    classnames="test-breadcrumbs-class"
    data-testid="Breadcrumbs"
  >
    <div
      class="css-1u8qly9"
      data-testid="Breadcrumbs-item"
    >
      <caption
        class="css-nbjg05"
        data-testid="typography"
      >
        <a
          class="css-txk7ga"
          data-testid="Link"
          role="link"
          tabindex="0"
          target="_blank"
        >
          Home
        </a>
      </caption>
    </div>
    <div
      class="css-1u8qly9"
      data-testid="Breadcrumbs-item"
    >
      <caption
        class="css-nbjg05"
        data-testid="typography"
      >
        <a
          class="css-txk7ga"
          data-testid="Link"
          role="link"
          tabindex="0"
          target="_blank"
        >
          Products
        </a>
      </caption>
    </div>
    <div
      class="css-1u8qly9"
      data-testid="Breadcrumbs-item"
    >
      <caption
        class="css-nbjg05"
        data-testid="typography"
      >
        <a
          class="css-txk7ga"
          data-testid="Link"
          role="link"
          tabindex="0"
          target="_blank"
        >
          Category
        </a>
      </caption>
    </div>
    <div
      class="css-1u8qly9"
      data-testid="Breadcrumbs-item"
    >
      <caption
        class="css-nbjg05"
        data-testid="typography"
      >
        <a
          class="Link--disabled css-txk7ga"
          data-testid="Link"
          role="link"
          tabindex="0"
          target="_blank"
        >
          Product
        </a>
      </caption>
    </div>
  </div>
</div>
`;
