// Vitest Snapshot v1, https://vitest.dev/guide/snapshot.html

exports[`SearchInput > SHOULD match snapshot 1`] = `
<div>
  <label
    class="css-34dk1l"
    data-testid="InputWrapper"
  >
    <span
      class="css-1n9btb7"
      data-testid="InputWrapper"
    >
      <input
        aria-required="false"
        class="css-1ojf3jn"
        data-testid="SearchInput"
        placeholder="Search"
        tabindex="0"
        type="search"
      />
      <span
        class="Input__border"
      />
      <span
        class="Input__outline"
      />
      <span
        class="css-luz7hd"
        data-testid="InputAdornment"
      >
        <div
          class="css-7onp66"
        >
          <svg
            class="css-1u8qly9"
            data-testid="Icon-cross"
            fill="none"
            height="18"
            viewBox="0 0 24 24"
            width="18"
            xmlns="http://www.w3.org/2000/svg"
          >
            <path
              d="M19 6.41L17.59 5L12 10.59L6.41 5L5 6.41L10.59 12L5 17.59L6.41 19L12 13.41L17.59 19L19 17.59L13.41 12L19 6.41Z"
              fill="currentColor"
            />
          </svg>
        </div>
      </span>
    </span>
  </label>
</div>
`;
