// Vitest Snapshot v1, https://vitest.dev/guide/snapshot.html

exports[`Carousel > SHOULD match snapshot 1`] = `
<div>
  <div
    class="css-c177dj"
    data-testid="Carousel"
    tabindex="0"
  >
    <div
      class="css-zz1ax2"
      data-testid="Carousel-controls-wrapper"
    >
      <div
        class="css-uif134"
        data-testid="Carousel-controls"
      >
        <button
          class="css-1vq2wi8"
          data-testid="Carousel-control-previous"
          disabled=""
          role="button"
          tabindex="0"
          type="button"
        >
          <span
            class="gd-button__content css-4vlwk1"
            data-testid="Button-content"
          >
            <svg
              class="css-1u8qly9"
              data-testid="Icon-arrowLeft"
              fill="none"
              height="9"
              viewBox="0 0 24 24"
              width="9"
              xmlns="http://www.w3.org/2000/svg"
            >
              <path
                d="M15.41 7.41L14 6L8 12L14 18L15.41 16.59L10.83 12L15.41 7.41Z"
                fill="#8F8F8F"
              />
            </svg>
          </span>
        </button>
        <button
          class="css-yb9gmh"
          data-testid="Carousel-control-next"
          role="button"
          tabindex="0"
          type="button"
        >
          <span
            class="gd-button__content css-4vlwk1"
            data-testid="Button-content"
          >
            <svg
              class="css-1u8qly9"
              data-testid="Icon-arrowLeft"
              fill="none"
              height="9"
              viewBox="0 0 24 24"
              width="9"
              xmlns="http://www.w3.org/2000/svg"
            >
              <path
                d="M15.41 7.41L14 6L8 12L14 18L15.41 16.59L10.83 12L15.41 7.41Z"
                fill="#474747"
              />
            </svg>
          </span>
        </button>
      </div>
      <div
        class="css-v9swgp"
        data-testid="Carousel-viewport"
      >
        <div
          class="css-1suw2z1"
          data-testid="Carousel-slider-wrapper"
        >
          <div
            class="css-1l9tgln"
            data-testid="Carousel-slide-0"
          >
            <div
              class="css-1axanrf"
              data-testid="Image-wrapper"
            >
              <img
                class="css-ybrjvk"
                data-testid="Image"
                src="https://picsum.photos/1200/800?random=1"
              />
            </div>
          </div>
          <div
            class="css-1l9tgln"
            data-testid="Carousel-slide-1"
          >
            <div
              class="css-1axanrf"
              data-testid="Image-wrapper"
            >
              <img
                class="css-ybrjvk"
                data-testid="Image"
                src="https://picsum.photos/1200/800?random=1"
              />
            </div>
          </div>
        </div>
      </div>
    </div>
    <div
      class="css-nmplzh"
      data-testid="Carousel-thumbnails"
    >
      <button
        class="css-dzqn57"
        data-testid="Carousel-thumbnail-control-previous"
        disabled=""
        role="button"
        tabindex="0"
        type="button"
      >
        <span
          class="gd-button__content css-4vlwk1"
          data-testid="Button-content"
        >
          <svg
            class="css-1u8qly9"
            data-testid="Icon-arrowLeft"
            fill="none"
            height="9"
            viewBox="0 0 24 24"
            width="9"
            xmlns="http://www.w3.org/2000/svg"
          >
            <path
              d="M15.41 7.41L14 6L8 12L14 18L15.41 16.59L10.83 12L15.41 7.41Z"
              fill="#8F8F8F"
            />
          </svg>
        </span>
      </button>
      <div
        class="css-1wr9tlz"
        data-testid="Carousel-thumbs-viewport"
      >
        <div
          class="css-1j530wb"
          data-testid="Carousel-thumbs-wrapper"
        >
          <button
            class="css-r1x9h8"
            data-active="true"
            data-testid="Carousel-thumbnail-0"
          >
            <div
              class="css-1axanrf"
              data-testid="Image-wrapper"
            >
              <img
                class="css-ybrjvk"
                data-testid="Image"
                src="https://picsum.photos/1200/800?random=1"
              />
            </div>
          </button>
          <button
            class="css-1n2nwtw"
            data-active="false"
            data-testid="Carousel-thumbnail-1"
          >
            <div
              class="css-1axanrf"
              data-testid="Image-wrapper"
            >
              <img
                class="css-ybrjvk"
                data-testid="Image"
                src="https://picsum.photos/1200/800?random=1"
              />
            </div>
          </button>
        </div>
      </div>
      <button
        class="css-dzqn57"
        data-testid="Carousel-thumbnail-control-next"
        role="button"
        tabindex="0"
        type="button"
      >
        <span
          class="gd-button__content css-4vlwk1"
          data-testid="Button-content"
        >
          <svg
            class="css-1u8qly9"
            data-testid="Icon-arrowRight"
            fill="none"
            height="9"
            viewBox="0 0 24 24"
            width="9"
            xmlns="http://www.w3.org/2000/svg"
          >
            <path
              d="M10 6L8.59003 7.41L13.17 12L8.59003 16.59L10 18L16 12L10 6Z"
              fill="#474747"
            />
          </svg>
        </span>
      </button>
    </div>
  </div>
</div>
`;
