// Vitest Snapshot v1, https://vitest.dev/guide/snapshot.html

exports[`DragAndDrop > SHOULD match snapshot 1`] = `
<div>
  <div
    class="css-l5xv05"
    data-testid="DragAndDrop"
  >
    <div>
      <div
        class="css-1u8qly9"
        data-testid="DragAndDropFiles"
      >
        <div
          class="css-o23msa"
        >
          <div
            class="css-1htcxng"
            data-testid="Column"
          >
            <svg
              class="css-1u8qly9"
              data-testid="Icon-upload"
              fill="none"
              height="24"
              viewBox="0 0 24 24"
              width="24"
              xmlns="http://www.w3.org/2000/svg"
            >
              <path
                d="M9 16H15V10H19L12 3L5 10H9V16ZM5 18H19V20H5V18Z"
                fill="currentColor"
              />
            </svg>
            <h6
              class="css-19b7pkf"
              data-testid="typography"
            >
              Drop items here
            </h6>
            <div
              class="css-1s4zb7h"
              data-testid="typography"
            >
              or
            </div>
            <div
              class="css-z8aoti"
              data-testid="InputFile"
            >
              <button
                class="css-1wvgqsj"
                data-testid="Button"
                role="button"
                tabindex="0"
                type="button"
              >
                <span
                  class="gd-button__content css-4vlwk1"
                  data-testid="Button-content"
                >
                  Browse Files
                </span>
              </button>
              <input
                class="css-1ukmigv"
                multiple=""
                type="file"
              />
            </div>
            <div
              class="css-1s4zb7h"
              data-testid="typography"
            >
               File Up to 25MB - Format: .jpg, .png, .bmp, .tif or .webp
            </div>
          </div>
        </div>
      </div>
    </div>
  </div>
</div>
`;
